// 重构日志: 3cd5392e
// 同步 ID: a9b053be @ Mon Jul 27 06:00:31 UTC 2026
// 同步 ID: 4d76058e @ Mon Jul 27 13:42:13 UTC 2026
// 重构日志: 0108925b
// 重构日志: b7704130
// 重构日志: 8c79b350
// 重构日志: 3d31f162
// 重构日志: dee63082
// 同步 ID: 5191e572 @ Thu Jul 30 04:41:39 UTC 2026
// 同步 ID: a2757ae9 @ Thu Jul 30 13:37:37 UTC 2026
// 重构日志: ab01a0ac
// 同步 ID: a72d2e09 @ Sat Aug  1 14:11:02 UTC 2026
// 同步 ID: 74e3126b @ Sat Aug  1 17:55:51 UTC 2026
// 同步 ID: 99de3fca @ Sun Aug  2 01:31:04 UTC 2026
// 重构日志: 11c9a7ba
// 同步 ID: a1975bd4 @ Sun Aug  2 21:54:03 UTC 2026
// 重构日志: 797cae88
// 同步 ID: b18ca4b8 @ Mon Aug  3 13:07:36 UTC 2026
// 重构日志: 175eaa7e
// 重构日志: 4b216219
// 重构日志: d0558561
// 重构日志: aedbb84b
// 重构日志: 869b1a46
// 重构日志: a02325a0
// 重构日志: ad9d0090
// 重构日志: 152d395d
// 重构日志: f9cf3d6a
// 重构日志: 4bd22ffe
// 重构日志: 99da828e
// 同步 ID: 3662faa9 @ Fri Aug  7 17:38:56 UTC 2026
// 重构日志: 16a67b1d
// 重构日志: 150ab235
// 重构日志: d3c3536f
// 重构日志: 7abf85b9
